{
    "documents": [
        {
            "name": "Test Export",
            "content": [
                {
                    "Type": "System Requirement",
                    "ReqIF.ForeignCreatedBy": "redacted@mail.com",
                    "ReqIF.ForeignID": "LOREM-818",
                    "Status": "Draft",
                    "ReqIF.ForeignCreatedOn": "2023-03-15T10:46:58.611Z",
                    "ReqIF.ChapterName": "SW: Lorem Ipsum",
                    "ReqIF.Text": "\n                <xhtml:div>The Lorem Ipsum shall do something.</xhtml:div>\n              "
                }
            ]
        }
    ],
    "fields": [
        "ReqIF.ChapterName",
        "ReqIF.ForeignCreatedBy",
        "ReqIF.ForeignCreatedOn",
        "ReqIF.ForeignID",
        "ReqIF.Text",
        "Status"
    ]
}